// Jest Snapshot v1, https://goo.gl/fbAQLP

exports[`Should render fields normally 1`] = `
<div
  className="flex flex-col md:flex-row gap-2 mt-2 mb-2"
>
  <input
    className="w-full md:w-1/2 lg:w-full p-2 outline-none border-2 border-indigo-200 bg-indigo-100 text-indigo-800 rounded focus:border-indigo-500 focus:shadow-md focus:shadow-indigo-100 "
    onChange={[Function]}
    placeholder="Find a repo..."
    type="text"
  />
  <input
    className="w-full md:w-1/2 lg:w-1/2 p-2 outline-none border-2 border-gray-200 rounded focus:border-gray-600"
    placeholder="Whose repos are you looking for?"
    type="text"
  />
</div>
`;
